V3 3
FL /home/rdupless/ceng441/cordic-vhdl/ALU.vhd 2014/06/02.14:55:38 O.87xd
EN work/ALU 1401746143 FL /home/rdupless/ceng441/cordic-vhdl/ALU.vhd \
      PB ieee/std_logic_1164 1325952872 PB ieee/NUMERIC_STD 1325952877
AR work/ALU/behv 1401746144 \
      FL /home/rdupless/ceng441/cordic-vhdl/ALU.vhd EN work/ALU 1401746143
